<Typecheck>
  <k>
    type( int ) ~> .
  </k>
  <ctx>
    .Map
  </ctx>
</Typecheck>
