<Typecheck>
  <k>
    type( int -> int ) ~> .
  </k>
  <ctx>
    f |-> int -> int -> int
  </ctx>
</Typecheck>
