<Typecheck>
  <k>
    type( int ) ~> .
  </k>
  <ctx>
    ten |-> int
  </ctx>
</Typecheck>
