`_+__LAMBDA`(#token("2","Int"),#token("2","Int"))
